[2022-07-22T02:29:37.903+0000][gc] Using G1
[2022-07-22T02:29:37.912+0000][gc,init] Version: 16.0.2+7-67 (release)
[2022-07-22T02:29:37.912+0000][gc,init] CPUs: 16 total, 16 available
[2022-07-22T02:29:37.912+0000][gc,init] Memory: 64312M
[2022-07-22T02:29:37.912+0000][gc,init] Large Page Support: Disabled
[2022-07-22T02:29:37.912+0000][gc,init] NUMA Support: Disabled
[2022-07-22T02:29:37.912+0000][gc,init] Compressed Oops: Enabled (32-bit)
[2022-07-22T02:29:37.912+0000][gc,init] Heap Region Size: 1M
[2022-07-22T02:29:37.912+0000][gc,init] Heap Min Capacity: 512M
[2022-07-22T02:29:37.912+0000][gc,init] Heap Initial Capacity: 512M
[2022-07-22T02:29:37.912+0000][gc,init] Heap Max Capacity: 512M
[2022-07-22T02:29:37.912+0000][gc,init] Pre-touch: Disabled
[2022-07-22T02:29:37.912+0000][gc,init] Parallel Workers: 13
[2022-07-22T02:29:37.912+0000][gc,init] Concurrent Workers: 3
[2022-07-22T02:29:37.912+0000][gc,init] Concurrent Refinement Workers: 13
[2022-07-22T02:29:37.912+0000][gc,init] Periodic GC: Disabled
[2022-07-22T02:29:37.912+0000][gc,metaspace] CDS archive(s) mapped at: [0x0000000800000000-0x0000000800bc1000-0x0000000800bc1000), size 12324864, SharedBaseAddress: 0x0000000800000000, ArchiveRelocationMode: 0.
[2022-07-22T02:29:37.912+0000][gc,metaspace] Compressed class space mapped at: 0x0000000800c00000-0x0000000840c00000, reserved size: 1073741824
[2022-07-22T02:29:37.912+0000][gc,metaspace] Narrow klass base: 0x0000000800000000, Narrow klass shift: 3, Narrow klass range: 0x100000000
[2022-07-22T02:29:55.821+0000][gc,heap,exit] Heap
[2022-07-22T02:29:55.821+0000][gc,heap,exit]  garbage-first heap   total 524288K, used 24022K [0x00000000e0000000, 0x0000000100000000)
[2022-07-22T02:29:55.821+0000][gc,heap,exit]   region size 1024K, 23 young (23552K), 0 survivors (0K)
[2022-07-22T02:29:55.821+0000][gc,heap,exit]  Metaspace       used 7588K, committed 7808K, reserved 1056768K
[2022-07-22T02:29:55.821+0000][gc,heap,exit]   class space    used 822K, committed 960K, reserved 1048576K
